C:\Users\DELL-INTERN-HR>ollama serve
Error: listen tcp 127.0.0.1:11434: bind: Only one usage of each socket address (protocol/network address/port) is normally permitted.

C:\Users\DELL-INTERN-HR>ollama serve
Error: listen tcp 127.0.0.1:11434: bind: Only one usage of each socket address (protocol/network address/port) is normally permitted.

C:\Users\DELL-INTERN-HR>netstat -ano | findstr :11434
  TCP    127.0.0.1:11434        0.0.0.0:0              LISTENING       17648

C:\Users\DELL-INTERN-HR>taskkill /PID 17648 /F
SUCCESS: The process with PID 17648 has been terminated.

C:\Users\DELL-INTERN-HR>ollama serve
Error: listen tcp 127.0.0.1:11434: bind: Only one usage of each socket address (protocol/network address/port) is normally permitted.

C:\Users\DELL-INTERN-HR>netstat -ano | findstr :11434
  TCP    127.0.0.1:11434        0.0.0.0:0              LISTENING       22784

C:\Users\DELL-INTERN-HR>kill -9 22784
'kill' is not recognized as an internal or external command,
operable program or batch file.

C:\Users\DELL-INTERN-HR>curl http://localhost:11434/api/tags
{"models":[]}